../Core/Src/main.c:140:6:tcs34725_i2c_write	32	static
../Core/Src/main.c:148:9:tcs34725_i2c_read8	32	static
../Core/Src/main.c:159:10:tcs34725_i2c_read16	40	static
../Core/Src/main.c:176:6:tcs34725_init_sensor	88	static
../Core/Src/main.c:201:6:tcs34725_integration_wait_time	24	static
../Core/Src/main.c:223:6:tcs34725_update_config_itime	16	static
../Core/Src/main.c:229:6:tcs34725_update_config_gain	16	static
../Core/Src/main.c:236:6:read_colour_data	32	static
../Core/Src/main.c:248:6:normalize_colour_data	24	static
../Core/Src/main.c:267:5:main	16	static
../Core/Src/main.c:368:6:SystemClock_Config	88	static
../Core/Src/main.c:422:13:MX_I2C1_Init	8	static
../Core/Src/main.c:456:13:MX_USART1_UART_Init	8	static
../Core/Src/main.c:487:13:MX_DMA_Init	16	static
../Core/Src/main.c:505:13:MX_GPIO_Init	48	static
../Core/Src/main.c:555:6:HAL_UART_RxCpltCallback	80	static
../Core/Src/main.c:676:6:Task_dataReceive	56	static
../Core/Src/main.c:718:6:Task_dataSend_BLT	128	static
../Core/Src/main.c:788:6:HAL_TIM_PeriodElapsedCallback	16	static
../Core/Src/main.c:805:6:Error_Handler	4	static,ignoring_inline_asm
